
> xc-studio@0.0.0 build
> vite build

node.exe : [33mThe `define` option contains an object with "Path" for "process.env" key. It lo
oks like you may have passed the entire `process.env` object to `define`, which can unintention
ally expose all environment variables. This poses a security risk and is discouraged.[39m
所在位置 行:1 字符: 1
+ & "C:\Program Files\nodejs/node.exe" "C:\Program Files\nodejs/node_mo ...
+ ~~~~~~~~~~~~~~~~~~~~~~~~~~~~~~~~~~~~~~~~~~~~~~~~~~~~~~~~~~~~~~~~~~~~~
    + CategoryInfo          : NotSpecified: ([33mThe `defin...scouraged.[39m:String) [], Rem 
   oteException
    + FullyQualifiedErrorId : NativeCommandError
 
[36mvite v6.4.1 [32mbuilding for production...[36m[39m
transforming...
[32m鉁?[39m 2514 modules transformed.
rendering chunks...
computing gzip size...
[2mdist/[22m[32mindex.html                          [39m[1m[2m  1.61 kB[22m[1m[22m[2m 鈹?gzip:   0.82 kB[22m
[2mdist/[22m[35massets/index-D7SXRFGo.css           [39m[1m[2m 90.25 kB[22m[1m[22m[2m 鈹?gzip:  13.87 kB[22m
[2mdist/[22m[36massets/purify.es-B9ZVCkUG.js        [39m[1m[2m 22.64 kB[22m[1m[22m[2m 鈹?gzip:   8.75 kB[22m
[2mdist/[22m[36massets/react-vendor-BfM8k9Bv.js     [39m[1m[2m 47.20 kB[22m[1m[22m[2m 鈹?gzip:  16.70 kB[22m
[2mdist/[22m[36massets/index.es-DM3KYKiX.js         [39m[1m[2m159.49 kB[22m[1m[22m[2m 鈹?gzip:  53.49 kB[22m
[2mdist/[22m[36massets/ui-vendor-C4ZX4WBZ.js        [39m[1m[2m163.04 kB[22m[1m[22m[2m 鈹?gzip:  49.43 kB[22m
[2mdist/[22m[36massets/html2canvas.esm-QH1iLAAe.js  [39m[1m[2m202.38 kB[22m[1m[22m[2m 鈹?gzip:  48.04 kB[22m
[2mdist/[22m[36massets/jspdf.es.min-BPG3hT-X.js     [39m[1m[2m389.94 kB[22m[1m[22m[2m 鈹?gzip: 128.47 kB[22m
[2mdist/[22m[36massets/index-CmS-K5MS.js            [39m[1m[33m854.91 kB[39m[22m[2m 鈹?gzip: 226.60 kB[22m
[33m
(!) Some chunks are larger than 500 kB after minification. Consider:
- Using dynamic import() to code-split the application
- Use build.rollupOptions.output.manualChunks to improve chunking: https://rollupjs.org/configu
ration-options/#output-manualchunks
- Adjust chunk size limit for this warning via build.chunkSizeWarningLimit.[39m
[32m鉁?built in 6.11s[39m
